WAITING_FOR_KEY_FIFO
FORMAL F000001 P06bd8bc948a32f66 L-V-static KEEP
FORMAL F000002 P06bd8bc948a32f66 L-T KEEP
FORMAL F000003 P06bd8bc948a32f66 L-V-temporal KEEP
FORMAL F000004 P06bd8bc948a32f66 L-V-temporal-repeat KEEP
FORMAL F000005 P06bd8bc948a32f66 L-V-temporal-permuted KEEP
FORMAL F000006 P0b875d6f45a74deb L-V-temporal KEEP
FORMAL F000007 P0b875d6f45a74deb L-V-static KEEP
FORMAL F000008 P0b875d6f45a74deb L-T KEEP
FORMAL F000009 P0b875d6f45a74deb L-V-temporal-repeat KEEP
FORMAL F000010 P0b875d6f45a74deb L-V-temporal-permuted KEEP
FORMAL F000011 P1cb7cbe50698e6d0 L-T KEEP
FORMAL F000012 P1cb7cbe50698e6d0 L-V-static INVALID
FORMAL F000013 P1cb7cbe50698e6d0 L-V-temporal KEEP
FORMAL F000014 P1cb7cbe50698e6d0 L-V-temporal-repeat KEEP
FORMAL F000015 P1cb7cbe50698e6d0 L-V-temporal-permuted KEEP
FORMAL F000016 P268a2bf76437ad61 L-V-static KEEP
FORMAL F000017 P268a2bf76437ad61 L-T KEEP
FORMAL F000018 P268a2bf76437ad61 L-V-temporal INVALID
FORMAL F000019 P268a2bf76437ad61 L-V-temporal-repeat INVALID
FORMAL F000020 P268a2bf76437ad61 L-V-temporal-permuted KEEP
FORMAL F000021 P296608a3986eefc0 L-V-temporal KEEP
FORMAL F000022 P296608a3986eefc0 L-V-static KEEP
FORMAL F000023 P296608a3986eefc0 L-T KEEP
FORMAL F000024 P296608a3986eefc0 L-V-temporal-repeat KEEP
FORMAL F000025 P296608a3986eefc0 L-V-temporal-permuted KEEP
FORMAL F000026 P2ae9988375c21d4b L-T KEEP
FORMAL F000027 P2ae9988375c21d4b L-V-static KEEP
FORMAL F000028 P2ae9988375c21d4b L-V-temporal INVALID
FORMAL F000029 P2ae9988375c21d4b L-V-temporal-repeat INVALID
FORMAL F000030 P2ae9988375c21d4b L-V-temporal-permuted KEEP
FORMAL F000031 P4218132a1659f1e2 L-V-temporal INVALID
FORMAL F000032 P4218132a1659f1e2 L-T MODEL_CHANGE
FORMAL F000033 P4218132a1659f1e2 L-V-static INVALID
FORMAL F000034 P4218132a1659f1e2 L-V-temporal-repeat MODEL_CHANGE
