completed 1 /144 T original valid True
completed 2 /144 V original valid True
completed 3 /144 V original valid True
completed 4 /144 T original valid True
completed 5 /144 T repeat valid True
completed 6 /144 T permuted valid True
completed 7 /144 V repeat valid True
completed 8 /144 T original valid True
completed 9 /144 V original valid True
completed 10 /144 V permuted valid True
completed 11 /144 T original valid True
completed 12 /144 T repeat valid True
completed 13 /144 V original valid True
completed 14 /144 V repeat valid True
completed 15 /144 T permuted valid True
completed 16 /144 V permuted valid True
completed 17 /144 T original valid True
completed 18 /144 V original valid True
completed 19 /144 T original valid True
completed 20 /144 V original valid True
completed 21 /144 T repeat valid True
completed 22 /144 V repeat valid True
completed 23 /144 T permuted valid True
completed 24 /144 V permuted valid True
completed 25 /144 T original valid True
completed 26 /144 T original valid True
completed 27 /144 V original valid True
completed 28 /144 V original valid True
completed 29 /144 V repeat valid True
completed 30 /144 T repeat valid True
completed 31 /144 V permuted valid True
completed 32 /144 T permuted valid True
completed 33 /144 T original valid True
completed 34 /144 V original valid True
completed 35 /144 T original valid True
completed 36 /144 T repeat valid True
completed 37 /144 V original valid True
completed 38 /144 T permuted valid True
completed 39 /144 V repeat valid True
completed 40 /144 V permuted valid True
completed 41 /144 T original valid True
completed 42 /144 V original valid True
completed 43 /144 T original valid True
completed 44 /144 V original valid True
completed 45 /144 T repeat valid True
completed 46 /144 V repeat valid True
completed 47 /144 T permuted valid True
completed 48 /144 T original valid True
completed 49 /144 V original valid True
completed 50 /144 T original valid True
completed 51 /144 V permuted valid True
completed 52 /144 T repeat valid True
completed 53 /144 V repeat valid True
completed 54 /144 V original valid True
completed 55 /144 T permuted valid True
completed 56 /144 V permuted valid True
completed 57 /144 T original valid True
completed 58 /144 V original valid True
completed 59 /144 T original valid True
completed 60 /144 T repeat valid True
completed 61 /144 V repeat valid True
completed 62 /144 V original valid True
completed 63 /144 T permuted valid True
completed 64 /144 V permuted valid True
completed 65 /144 T original valid True
completed 66 /144 V original valid True
completed 67 /144 T original valid True
completed 68 /144 T repeat valid True
completed 69 /144 V original valid True
completed 70 /144 T permuted valid True
completed 71 /144 V repeat valid True
completed 72 /144 V permuted valid True
completed 73 /144 T original valid True
completed 74 /144 T original valid True
completed 75 /144 V original valid True
completed 76 /144 T repeat valid True
completed 77 /144 V original valid True
completed 78 /144 V repeat valid True
completed 79 /144 T permuted valid True
completed 80 /144 T original valid True
completed 81 /144 V permuted valid True
completed 82 /144 V original valid True
completed 83 /144 T original valid True
completed 84 /144 T repeat valid True
completed 85 /144 V repeat valid True
completed 86 /144 V original valid True
completed 87 /144 V permuted valid True
completed 88 /144 T permuted valid True
completed 89 /144 T original valid True
completed 90 /144 V original valid True
completed 91 /144 T original valid True
completed 92 /144 V original valid True
completed 93 /144 T repeat valid True
completed 94 /144 T permuted valid True
completed 95 /144 V permuted valid True
completed 96 /144 T original valid True
completed 97 /144 V repeat valid True
completed 98 /144 T original valid True
completed 99 /144 V original valid True
completed 100 /144 V original valid True
completed 101 /144 T repeat valid True
completed 102 /144 T permuted valid True
completed 103 /144 V repeat valid True
completed 104 /144 V permuted valid True
completed 105 /144 T original valid True
completed 106 /144 V original valid True
completed 107 /144 T original valid True
completed 108 /144 V original valid True
completed 109 /144 V repeat valid True
completed 110 /144 T repeat valid True
completed 111 /144 T permuted valid True
completed 112 /144 T original valid True
completed 113 /144 V permuted valid True
completed 114 /144 T original valid True
completed 115 /144 V original valid True
completed 116 /144 V original valid True
completed 117 /144 T repeat valid True
completed 118 /144 T permuted valid True
completed 119 /144 V repeat valid True
completed 120 /144 V permuted valid True
completed 121 /144 T original valid True
completed 122 /144 V original valid True
completed 123 /144 T original valid True
completed 124 /144 V original valid True
completed 125 /144 T repeat valid True
completed 126 /144 T permuted valid True
completed 127 /144 V repeat valid True
completed 128 /144 V permuted valid True
completed 129 /144 T original valid True
completed 130 /144 V original valid True
completed 131 /144 T original valid True
completed 132 /144 T repeat valid True
completed 133 /144 V repeat valid True
completed 134 /144 V original valid True
completed 135 /144 T permuted valid True
completed 136 /144 V permuted valid True
completed 137 /144 T original valid True
completed 138 /144 V original valid True
completed 139 /144 T original valid True
completed 140 /144 T repeat valid True
completed 141 /144 V original valid True
completed 142 /144 V repeat valid True
completed 143 /144 T permuted valid True
completed 144 /144 V permuted valid True
