WAITING_FOR_KEY_FIFO
FORMAL F000001 P06bd8bc948a32f66 L-V-static KEEP
FORMAL F000002 P06bd8bc948a32f66 L-T KEEP
FORMAL F000003 P06bd8bc948a32f66 L-V-temporal KEEP
FORMAL F000004 P06bd8bc948a32f66 L-V-temporal-repeat KEEP
FORMAL F000005 P06bd8bc948a32f66 L-V-temporal-permuted KEEP
FORMAL F000006 P0b875d6f45a74deb L-V-temporal KEEP
FORMAL F000007 P0b875d6f45a74deb L-V-static KEEP
FORMAL F000008 P0b875d6f45a74deb L-T KEEP
FORMAL F000009 P0b875d6f45a74deb L-V-temporal-repeat KEEP
FORMAL F000010 P0b875d6f45a74deb L-V-temporal-permuted KEEP
FORMAL F000011 P1cb7cbe50698e6d0 L-T KEEP
FORMAL F000012 P1cb7cbe50698e6d0 L-V-static KEEP
FORMAL F000013 P1cb7cbe50698e6d0 L-V-temporal KEEP
FORMAL F000014 P1cb7cbe50698e6d0 L-V-temporal-repeat KEEP
FORMAL F000015 P1cb7cbe50698e6d0 L-V-temporal-permuted KEEP
FORMAL F000016 P268a2bf76437ad61 L-V-static KEEP
FORMAL F000017 P268a2bf76437ad61 L-T KEEP
FORMAL F000018 P268a2bf76437ad61 L-V-temporal KEEP
FORMAL F000019 P268a2bf76437ad61 L-V-temporal-repeat KEEP
FORMAL F000020 P268a2bf76437ad61 L-V-temporal-permuted KEEP
FORMAL F000021 P296608a3986eefc0 L-V-temporal KEEP
FORMAL F000022 P296608a3986eefc0 L-V-static KEEP
FORMAL F000023 P296608a3986eefc0 L-T KEEP
FORMAL F000024 P296608a3986eefc0 L-V-temporal-repeat KEEP
FORMAL F000025 P296608a3986eefc0 L-V-temporal-permuted KEEP
FORMAL F000026 P2ae9988375c21d4b L-T KEEP
FORMAL F000027 P2ae9988375c21d4b L-V-static KEEP
FORMAL F000028 P2ae9988375c21d4b L-V-temporal KEEP
FORMAL F000029 P2ae9988375c21d4b L-V-temporal-repeat KEEP
FORMAL F000030 P2ae9988375c21d4b L-V-temporal-permuted KEEP
FORMAL F000031 P4218132a1659f1e2 L-V-temporal MODEL_CHANGE
FORMAL F000032 P4218132a1659f1e2 L-T MODEL_CHANGE
FORMAL F000033 P4218132a1659f1e2 L-V-static MODEL_CHANGE
FORMAL F000034 P4218132a1659f1e2 L-V-temporal-repeat MODEL_CHANGE
FORMAL F000035 P4218132a1659f1e2 L-V-temporal-permuted MODEL_CHANGE
FORMAL F000036 P4f984757cb073766 L-V-static KEEP
FORMAL F000037 P4f984757cb073766 L-V-temporal KEEP
FORMAL F000038 P4f984757cb073766 L-T KEEP
FORMAL F000039 P4f984757cb073766 L-V-temporal-repeat KEEP
FORMAL F000040 P4f984757cb073766 L-V-temporal-permuted KEEP
FORMAL F000041 P505e5ce82c20bdd0 L-V-temporal INVALID
FORMAL F000042 P505e5ce82c20bdd0 L-T INVALID
FORMAL F000043 P505e5ce82c20bdd0 L-V-static INVALID
FORMAL F000044 P505e5ce82c20bdd0 L-V-temporal-repeat INVALID
FORMAL F000045 P505e5ce82c20bdd0 L-V-temporal-permuted KEEP
FORMAL F000046 P6093da8587bc16c7 L-V-temporal FALLBACK
FORMAL F000047 P6093da8587bc16c7 L-V-static FALLBACK
FORMAL F000048 P6093da8587bc16c7 L-T FALLBACK
FORMAL F000049 P6093da8587bc16c7 L-V-temporal-repeat FALLBACK
FORMAL F000050 P6093da8587bc16c7 L-V-temporal-permuted FALLBACK
FORMAL F000051 P6dd51c7c657f38ac L-T KEEP
FORMAL F000052 P6dd51c7c657f38ac L-V-temporal KEEP
FORMAL F000053 P6dd51c7c657f38ac L-V-static KEEP
FORMAL F000054 P6dd51c7c657f38ac L-V-temporal-repeat KEEP
FORMAL F000055 P6dd51c7c657f38ac L-V-temporal-permuted KEEP
FORMAL F000056 P7191b96390a1ca1c L-V-static KEEP
FORMAL F000057 P7191b96390a1ca1c L-T KEEP
FORMAL F000058 P7191b96390a1ca1c L-V-temporal KEEP
FORMAL F000059 P7191b96390a1ca1c L-V-temporal-repeat KEEP
FORMAL F000060 P7191b96390a1ca1c L-V-temporal-permuted KEEP
FORMAL F000061 P017ea2eb5b2a8a48 L-V-temporal MODEL_CHANGE
FORMAL F000062 P017ea2eb5b2a8a48 L-T MODEL_CHANGE
FORMAL F000063 P017ea2eb5b2a8a48 L-V-static MODEL_CHANGE
FORMAL F000064 P017ea2eb5b2a8a48 L-V-temporal-repeat MODEL_CHANGE
FORMAL F000065 P017ea2eb5b2a8a48 L-V-temporal-permuted MODEL_CHANGE
FORMAL F000066 P04c303d9612421d6 L-V-static KEEP
FORMAL F000067 P04c303d9612421d6 L-V-temporal MODEL_CHANGE
FORMAL F000068 P04c303d9612421d6 L-T KEEP
FORMAL F000069 P04c303d9612421d6 L-V-temporal-repeat KEEP
FORMAL F000070 P04c303d9612421d6 L-V-temporal-permuted KEEP
FORMAL F000071 P0bb5b6c537eb526b L-V-temporal KEEP
FORMAL F000072 P0bb5b6c537eb526b L-V-static KEEP
FORMAL F000073 P0bb5b6c537eb526b L-T KEEP
FORMAL F000074 P0bb5b6c537eb526b L-V-temporal-repeat KEEP
FORMAL F000075 P0bb5b6c537eb526b L-V-temporal-permuted KEEP
FORMAL F000076 P175d295a01799fe5 L-V-temporal MODEL_CHANGE
FORMAL F000077 P175d295a01799fe5 L-V-static MODEL_CHANGE
FORMAL F000078 P175d295a01799fe5 L-T MODEL_CHANGE
FORMAL F000079 P175d295a01799fe5 L-V-temporal-repeat MODEL_CHANGE
FORMAL F000080 P175d295a01799fe5 L-V-temporal-permuted INVALID
FORMAL F000081 P1797ad89bd359331 L-V-temporal MODEL_CHANGE
FORMAL F000082 P1797ad89bd359331 L-T MODEL_CHANGE
FORMAL F000083 P1797ad89bd359331 L-V-static MODEL_CHANGE
FORMAL F000084 P1797ad89bd359331 L-V-temporal-repeat MODEL_CHANGE
FORMAL F000085 P1797ad89bd359331 L-V-temporal-permuted MODEL_CHANGE
FORMAL F000086 P188c6571ae22ff20 L-T KEEP
FORMAL F000087 P188c6571ae22ff20 L-V-static KEEP
FORMAL F000088 P188c6571ae22ff20 L-V-temporal KEEP
FORMAL F000089 P188c6571ae22ff20 L-V-temporal-repeat KEEP
FORMAL F000090 P188c6571ae22ff20 L-V-temporal-permuted KEEP
FORMAL F000091 P396d217afb3e0fac L-V-static INVALID
FORMAL F000092 P396d217afb3e0fac L-T KEEP
FORMAL F000093 P396d217afb3e0fac L-V-temporal KEEP
FORMAL F000094 P396d217afb3e0fac L-V-temporal-repeat KEEP
FORMAL F000095 P396d217afb3e0fac L-V-temporal-permuted KEEP
FORMAL F000096 P538a7a4638462254 L-T KEEP
FORMAL F000097 P538a7a4638462254 L-V-temporal KEEP
FORMAL F000098 P538a7a4638462254 L-V-static KEEP
FORMAL F000099 P538a7a4638462254 L-V-temporal-repeat KEEP
FORMAL F000100 P538a7a4638462254 L-V-temporal-permuted KEEP
FORMAL F000101 P56d853b682c8b43d L-V-static KEEP
FORMAL F000102 P56d853b682c8b43d L-V-temporal KEEP
FORMAL F000103 P56d853b682c8b43d L-T KEEP
FORMAL F000104 P56d853b682c8b43d L-V-temporal-repeat KEEP
FORMAL F000105 P56d853b682c8b43d L-V-temporal-permuted MODEL_CHANGE
FORMAL F000106 P7517e6637bc947e6 L-V-static KEEP
FORMAL F000107 P7517e6637bc947e6 L-T KEEP
FORMAL F000108 P7517e6637bc947e6 L-V-temporal KEEP
FORMAL F000109 P7517e6637bc947e6 L-V-temporal-repeat KEEP
FORMAL F000110 P7517e6637bc947e6 L-V-temporal-permuted KEEP
FORMAL F000111 P8111d40d0ad38d57 L-V-temporal KEEP
FORMAL F000112 P8111d40d0ad38d57 L-T KEEP
FORMAL F000113 P8111d40d0ad38d57 L-V-static KEEP
FORMAL F000114 P8111d40d0ad38d57 L-V-temporal-repeat KEEP
FORMAL F000115 P8111d40d0ad38d57 L-V-temporal-permuted KEEP
FORMAL F000116 P81c6f08460d3827c L-V-temporal INVALID
FORMAL F000117 P81c6f08460d3827c L-V-static KEEP
FORMAL F000118 P81c6f08460d3827c L-T KEEP
FORMAL F000119 P81c6f08460d3827c L-V-temporal-repeat KEEP
FORMAL F000120 P81c6f08460d3827c L-V-temporal-permuted KEEP
SEALED_E1_NO_GT 1.4613543 7
